<html>
<body>
<pre>
<h1>µVision Build Log</h1>
<h2>Tool Versions:</h2>
IDE-Version: ¦ÌVision V5.33.0.0
Copyright (C) 2020 ARM Ltd and ARM Germany GmbH. All rights reserved.
License Information: 132 123, 123, LIC=JL28G-VISJ7-MMS9I-TLLQY-CLL2F-H9CIZ
 
Tool Versions:
Toolchain:       MDK-ARM Plus  Version: 5.33.0.0
Toolchain Path:  D:\software\MDK\ARM\ARMCC\Bin
C Compiler:      Armcc.exe V5.06 update 7 (build 960)
Assembler:       Armasm.exe V5.06 update 7 (build 960)
Linker/Locator:  ArmLink.exe V5.06 update 7 (build 960)
Library Manager: ArmAr.exe V5.06 update 7 (build 960)
Hex Converter:   FromElf.exe V5.06 update 7 (build 960)
CPU DLL:         SARMCM3.DLL V5.33.0.0
Dialog DLL:      DCM.DLL V1.17.3.0
Target DLL:      STLink\ST-LINKIII-KEIL_SWO.dll V3.0.8.0
Dialog DLL:      TCM.DLL V1.48.0.0
 
<h2>Project:</h2>
C:\Users\11989\Desktop\stm32\CSB\MDK-ARM\CSB.uvprojx
Project File Date:  04/08/2024

<h2>Output:</h2>
*** Using Compiler 'V5.06 update 7 (build 960)', folder: 'D:\software\MDK\ARM\ARMCC\Bin'
Build target 'CSB'
compiling main.c...
..\bsp\at24c02.h(16): warning:  #1-D: last line of file ends without a newline
  #endif/*__AT24C02_H__*/
..\bsp\bsp_led_bee.h(5): warning:  #1295-D: Deprecated declaration Led_ON - give arg types
  void Led_ON();
..\bsp\bsp_led_bee.h(6): warning:  #1295-D: Deprecated declaration Led_OFF - give arg types
  void Led_OFF();
..\bsp\bsp_led_bee.h(7): warning:  #1295-D: Deprecated declaration Buzzer_ON - give arg types
  void Buzzer_ON();
..\bsp\bsp_led_bee.h(8): warning:  #1295-D: Deprecated declaration Buzzer_OFF - give arg types
  void Buzzer_OFF();
../Src/main.c(109): warning:  #223-D: function "memset" declared implicitly
  	memset(tmp, 0, sizeof(tmp));
../Src/main.c(111): warning:  #167-D: argument of type "char *" is incompatible with parameter of type "uint8_t *"
  	OLED_ShowString(48, 0, tmp, 16);
../Src/main.c(118): warning:  #167-D: argument of type "char *" is incompatible with parameter of type "uint8_t *"
  	OLED_ShowString(48, 2, tmp, 16);
../Src/main.c(125): warning:  #167-D: argument of type "char *" is incompatible with parameter of type "uint8_t *"
  	OLED_ShowString(48, 4, tmp, 16);
../Src/main.c: 9 warnings, 0 errors
linking...
Program Size: Code=10280 RO-data=2384 RW-data=488 ZI-data=1328  
FromELF: creating hex file...
"CSB\CSB.axf" - 0 Error(s), 9 Warning(s).

<h2>Software Packages used:</h2>

Package Vendor: ARM
                http://www.keil.com/pack/ARM.CMSIS.5.7.0.pack
                ARM.CMSIS.5.7.0
                CMSIS (Cortex Microcontroller Software Interface Standard)
   * Component: CORE Version: 5.4.0

Package Vendor: Keil
                http://www.keil.com/pack/Keil.STM32F1xx_DFP.2.3.0.pack
                Keil.STM32F1xx_DFP.2.3.0
                STMicroelectronics STM32F1 Series Device Support, Drivers and Examples

<h2>Collection of Component include folders:</h2>
  .\RTE\_CSB
  D:\software\MDK\Packs\ARM\CMSIS\5.7.0\CMSIS\Core\Include
  D:\software\MDK\Packs\Keil\STM32F1xx_DFP\2.3.0\Device\Include

<h2>Collection of Component Files used:</h2>

   * Component: ARM::CMSIS:CORE:5.4.0
      Include file:  CMSIS\Core\Include\tz_context.h
Build Time Elapsed:  00:00:00
</pre>
</body>
</html>
